NewtonCholesky with backtrack line search.

CUTEst problem................: BEALE
Number of variables...........: 2
Maximum problem iterations....: 1000
Maximum subproblem iterations.: 2
Maximum line search iterations: 1000
Time limit....................: 10 min

‾‾‾‾‾‾‾‾‾‾‾‾‾‾‾ summary statistics ‾‾‾‾‾‾‾‾‾‾‾‾‾‾‾‾
Objective.............: 2.769415e-26
Gradient norm.........: 4.529748e-13
Total iterations......: 8
Total time in seconds.: 0.000502
‾‾‾‾‾‾‾‾‾‾‾‾‾‾‾‾‾‾‾‾‾‾‾‾‾‾‾‾‾‾‾‾‾‾‾‾‾‾‾‾‾‾‾‾‾‾‾‾‾‾‾

‾‾‾‾‾‾‾‾‾‾‾‾‾‾‾‾ output statistics ‾‾‾‾‾‾‾‾‾‾‾‾‾‾‾‾
Number of objective function evaluations: 0
Number of gradient evaluations..........: 9
Number of hessian evaluations...........: 8
Subproblem iterations...................: 64
Subproblem time in seconds..............: 0.000380
How many times subproblem failed........: 0
Line search iterations..................: 0
Line search time in seconds.............: 0.000038
How many times line search failed.......: 0
‾‾‾‾‾‾‾‾‾‾‾‾‾‾‾‾‾‾‾‾‾‾‾‾‾‾‾‾‾‾‾‾‾‾‾‾‾‾‾‾‾‾‾‾‾‾‾‾‾‾‾

‾‾‾‾‾‾‾‾‾‾‾‾‾‾‾‾‾‾‾‾‾‾‾‾‾‾‾‾‾‾‾‾‾‾‾‾‾ superscription ‾‾‾‾‾‾‾‾‾‾‾‾‾‾‾‾‾‾‾‾‾‾‾‾‾‾‾‾‾‾‾‾‾‾‾‾‾
iter....: current iteration
f(x*)...: objective function avaluated at x(iter)
‖∇f(x)‖.: gradient norm used to calculate x(iter), so x in ‖∇f(x)‖ is equal to x(iter-1)
alpha...: step calculated by backtrack line search
‖d‖.....: search direction norm
‾‾‾‾‾‾‾‾‾‾‾‾‾‾‾‾‾‾‾‾‾‾‾‾‾‾‾‾‾‾‾‾‾‾‾‾‾‾‾‾‾‾‾‾‾‾‾‾‾‾‾‾‾‾‾‾‾‾‾‾‾‾‾‾‾‾‾‾‾‾‾‾‾‾‾‾‾‾‾‾‾‾‾‾‾‾‾‾‾‾
__________________________________________________________________________
iter    f(x*)            ‖∇f(x)‖          alpha            ‖d‖            
1       5.261112e-01     2.775000e+01     1.000000e+00     1.287033e+00   
2       8.885814e-02     1.717825e+00     1.000000e+00     4.829890e-01   
3       1.509782e-02     4.181800e-01     1.000000e+00     3.086253e-01   
4       1.404852e-03     4.047794e-01     1.000000e+00     1.655964e-01   
5       3.303911e-05     5.196299e-02     1.000000e+00     7.834226e-02   
6       3.046614e-08     2.609185e-02     1.000000e+00     1.265768e-02   
7       2.942540e-14     4.138950e-04     1.000000e+00     4.374040e-04   
8       2.769415e-26     7.241462e-07     1.000000e+00     4.011283e-07   
‾‾‾‾‾‾‾‾‾‾‾‾‾‾‾‾‾‾‾‾‾‾‾‾‾‾‾‾‾‾‾‾‾‾‾‾‾‾‾‾‾‾‾‾‾‾‾‾‾‾‾‾‾‾‾‾‾‾‾‾‾‾‾‾‾‾‾‾‾‾‾‾‾‾
 ──────────────────────────────────────────────────────────────────────────────
                                       Time                   Allocations      
                               ──────────────────────   ───────────────────────
       Tot / % measured:            718μs / 69.9%            108KiB / 86.2%    

 Section               ncalls     time   %tot     avg     alloc   %tot      avg
 ──────────────────────────────────────────────────────────────────────────────
 newton_modified            1    502μs   100%   502μs   93.3KiB  100%   93.3KiB
   linear_solver            8    380μs  75.7%  47.5μs   39.9KiB  42.7%  4.99KiB
   backtrack_line_s...      8   37.8μs  7.53%  4.73μs   9.38KiB  10.0%  1.17KiB
 ──────────────────────────────────────────────────────────────────────────────

EXIT: convergence has been achieved.

