NewtonCholesky with backtrack line search.

CUTEst problem................: BIGGS6
Number of variables...........: 6
Maximum problem iterations....: 1000
Maximum subproblem iterations.: 6
Maximum line search iterations: 1000
Time limit....................: 10 min

‾‾‾‾‾‾‾‾‾‾‾‾‾‾‾ summary statistics ‾‾‾‾‾‾‾‾‾‾‾‾‾‾‾‾
Objective.............: 5.655650e-03
Gradient norm.........: 3.286731e-09
Total iterations......: 19
Total time in seconds.: 0.002945
‾‾‾‾‾‾‾‾‾‾‾‾‾‾‾‾‾‾‾‾‾‾‾‾‾‾‾‾‾‾‾‾‾‾‾‾‾‾‾‾‾‾‾‾‾‾‾‾‾‾‾

‾‾‾‾‾‾‾‾‾‾‾‾‾‾‾‾ output statistics ‾‾‾‾‾‾‾‾‾‾‾‾‾‾‾‾
Number of objective function evaluations: 10
Number of gradient evaluations..........: 20
Number of hessian evaluations...........: 19
Subproblem iterations...................: 684
Subproblem time in seconds..............: 0.002394
How many times subproblem failed........: 0
Line search iterations..................: 10
Line search time in seconds.............: 0.000218
How many times line search failed.......: 0
‾‾‾‾‾‾‾‾‾‾‾‾‾‾‾‾‾‾‾‾‾‾‾‾‾‾‾‾‾‾‾‾‾‾‾‾‾‾‾‾‾‾‾‾‾‾‾‾‾‾‾

‾‾‾‾‾‾‾‾‾‾‾‾‾‾‾‾‾‾‾‾‾‾‾‾‾‾‾‾‾‾‾‾‾‾‾‾‾ superscription ‾‾‾‾‾‾‾‾‾‾‾‾‾‾‾‾‾‾‾‾‾‾‾‾‾‾‾‾‾‾‾‾‾‾‾‾‾
iter....: current iteration
f(x*)...: objective function avaluated at x(iter)
‖∇f(x)‖.: gradient norm used to calculate x(iter), so x in ‖∇f(x)‖ is equal to x(iter-1)
alpha...: step calculated by backtrack line search
‖d‖.....: search direction norm
‾‾‾‾‾‾‾‾‾‾‾‾‾‾‾‾‾‾‾‾‾‾‾‾‾‾‾‾‾‾‾‾‾‾‾‾‾‾‾‾‾‾‾‾‾‾‾‾‾‾‾‾‾‾‾‾‾‾‾‾‾‾‾‾‾‾‾‾‾‾‾‾‾‾‾‾‾‾‾‾‾‾‾‾‾‾‾‾‾‾
__________________________________________________________________________
iter    f(x*)            ‖∇f(x)‖          alpha            ‖d‖            
1       3.122001e-01     2.553901e+00     1.000000e+00     9.188186e-01   
2       2.822732e-01     7.535305e-01     1.250000e-01     1.118934e+01   
3       2.350309e-01     1.007431e+00     1.000000e+00     2.516716e+00   
4       1.094150e-01     1.637702e+00     5.000000e-01     2.491355e+00   
5       1.043793e-01     2.104891e-01     1.000000e+00     4.013653e+00   
6       3.938132e-02     6.066734e-01     5.000000e-01     2.785677e+00   
7       1.891458e-02     6.043962e-01     1.000000e+00     9.718966e-01   
8       1.517158e-02     1.633643e-02     5.000000e-01     4.732166e+00   
9       7.068506e-03     4.137536e-01     1.000000e+00     2.271200e+00   
10      5.894570e-03     1.499227e-02     1.000000e+00     2.598402e+00   
11      5.661944e-03     4.288839e-02     1.000000e+00     4.200282e-01   
12      5.659177e-03     3.627236e-03     2.500000e-01     9.555671e-01   
13      5.655872e-03     1.652619e-03     1.000000e+00     2.003048e-01   
14      5.655838e-03     2.211430e-03     1.000000e+00     1.013593e-01   
15      5.655656e-03     1.936760e-03     5.000000e-01     1.251607e-01   
16      5.655650e-03     4.329722e-04     1.000000e+00     4.571729e-02   
17      5.655650e-03     6.176508e-05     5.000000e-01     2.489117e-01   
18      5.655650e-03     4.605836e-05     1.000000e+00     1.728289e-02   
19      5.655650e-03     8.269641e-07     1.000000e+00     1.514160e-04   
‾‾‾‾‾‾‾‾‾‾‾‾‾‾‾‾‾‾‾‾‾‾‾‾‾‾‾‾‾‾‾‾‾‾‾‾‾‾‾‾‾‾‾‾‾‾‾‾‾‾‾‾‾‾‾‾‾‾‾‾‾‾‾‾‾‾‾‾‾‾‾‾‾‾
 ──────────────────────────────────────────────────────────────────────────────
                                       Time                   Allocations      
                               ──────────────────────   ───────────────────────
       Tot / % measured:           3.75ms / 78.6%            329KiB / 91.5%    

 Section               ncalls     time   %tot     avg     alloc   %tot      avg
 ──────────────────────────────────────────────────────────────────────────────
 newton_modified            1   2.94ms   100%  2.94ms    301KiB  100%    301KiB
   linear_solver           19   2.39ms  81.3%   126μs    206KiB  68.6%  10.9KiB
   backtrack_line_s...     19    218μs  7.39%  11.5μs   32.7KiB  10.9%  1.72KiB
 ──────────────────────────────────────────────────────────────────────────────

EXIT: convergence has been achieved.

