NewtonCholesky with backtrack line search.

CUTEst problem................: BOX3
Number of variables...........: 3
Maximum problem iterations....: 1000
Maximum subproblem iterations.: 3
Maximum line search iterations: 1000
Time limit....................: 10 min

‾‾‾‾‾‾‾‾‾‾‾‾‾‾‾ summary statistics ‾‾‾‾‾‾‾‾‾‾‾‾‾‾‾‾
Objective.............: 7.609456e-19
Gradient norm.........: 2.756766e-10
Total iterations......: 8
Total time in seconds.: 0.000853
‾‾‾‾‾‾‾‾‾‾‾‾‾‾‾‾‾‾‾‾‾‾‾‾‾‾‾‾‾‾‾‾‾‾‾‾‾‾‾‾‾‾‾‾‾‾‾‾‾‾‾

‾‾‾‾‾‾‾‾‾‾‾‾‾‾‾‾ output statistics ‾‾‾‾‾‾‾‾‾‾‾‾‾‾‾‾
Number of objective function evaluations: 0
Number of gradient evaluations..........: 9
Number of hessian evaluations...........: 8
Subproblem iterations...................: 108
Subproblem time in seconds..............: 0.000652
How many times subproblem failed........: 0
Line search iterations..................: 0
Line search time in seconds.............: 0.000072
How many times line search failed.......: 0
‾‾‾‾‾‾‾‾‾‾‾‾‾‾‾‾‾‾‾‾‾‾‾‾‾‾‾‾‾‾‾‾‾‾‾‾‾‾‾‾‾‾‾‾‾‾‾‾‾‾‾

‾‾‾‾‾‾‾‾‾‾‾‾‾‾‾‾‾‾‾‾‾‾‾‾‾‾‾‾‾‾‾‾‾‾‾‾‾ superscription ‾‾‾‾‾‾‾‾‾‾‾‾‾‾‾‾‾‾‾‾‾‾‾‾‾‾‾‾‾‾‾‾‾‾‾‾‾
iter....: current iteration
f(x*)...: objective function avaluated at x(iter)
‖∇f(x)‖.: gradient norm used to calculate x(iter), so x in ‖∇f(x)‖ is equal to x(iter-1)
alpha...: step calculated by backtrack line search
‖d‖.....: search direction norm
‾‾‾‾‾‾‾‾‾‾‾‾‾‾‾‾‾‾‾‾‾‾‾‾‾‾‾‾‾‾‾‾‾‾‾‾‾‾‾‾‾‾‾‾‾‾‾‾‾‾‾‾‾‾‾‾‾‾‾‾‾‾‾‾‾‾‾‾‾‾‾‾‾‾‾‾‾‾‾‾‾‾‾‾‾‾‾‾‾‾
__________________________________________________________________________
iter    f(x*)            ‖∇f(x)‖          alpha            ‖d‖            
1       1.919779e-01     6.717702e+00     1.000000e+00     3.234683e+00   
2       3.760221e-02     8.165558e-01     1.000000e+00     8.993403e-01   
3       7.210761e-03     3.437451e-01     1.000000e+00     1.370794e+00   
4       9.609570e-04     1.031751e-01     1.000000e+00     1.787158e+00   
5       5.390518e-05     2.334925e-02     1.000000e+00     6.253806e-01   
6       4.078649e-07     5.524469e-03     1.000000e+00     2.386580e-01   
7       3.288219e-11     3.740687e-04     1.000000e+00     1.982338e-02   
8       7.609456e-19     3.618468e-06     1.000000e+00     1.989114e-04   
‾‾‾‾‾‾‾‾‾‾‾‾‾‾‾‾‾‾‾‾‾‾‾‾‾‾‾‾‾‾‾‾‾‾‾‾‾‾‾‾‾‾‾‾‾‾‾‾‾‾‾‾‾‾‾‾‾‾‾‾‾‾‾‾‾‾‾‾‾‾‾‾‾‾
 ──────────────────────────────────────────────────────────────────────────────
                                       Time                   Allocations      
                               ──────────────────────   ───────────────────────
       Tot / % measured:           1.07ms / 79.6%            119KiB / 87.4%    

 Section               ncalls     time   %tot     avg     alloc   %tot      avg
 ──────────────────────────────────────────────────────────────────────────────
 newton_modified            1    853μs   100%   853μs    104KiB  100%    104KiB
   linear_solver            8    652μs  76.5%  81.5μs   49.5KiB  47.5%  6.19KiB
   backtrack_line_s...      8   72.0μs  8.44%  9.00μs   10.0KiB  9.58%  1.25KiB
 ──────────────────────────────────────────────────────────────────────────────

EXIT: convergence has been achieved.

