NewtonCholesky with backtrack line search.

CUTEst problem................: BROWNBS
Number of variables...........: 2
Maximum problem iterations....: 1000
Maximum subproblem iterations.: 2
Maximum line search iterations: 1000
Time limit....................: 10 min

‾‾‾‾‾‾‾‾‾‾‾‾‾‾‾ summary statistics ‾‾‾‾‾‾‾‾‾‾‾‾‾‾‾‾
Objective.............: 0.000000e+00
Gradient norm.........: 0.000000e+00
Total iterations......: 9
Total time in seconds.: 0.000527
‾‾‾‾‾‾‾‾‾‾‾‾‾‾‾‾‾‾‾‾‾‾‾‾‾‾‾‾‾‾‾‾‾‾‾‾‾‾‾‾‾‾‾‾‾‾‾‾‾‾‾

‾‾‾‾‾‾‾‾‾‾‾‾‾‾‾‾ output statistics ‾‾‾‾‾‾‾‾‾‾‾‾‾‾‾‾
Number of objective function evaluations: 3
Number of gradient evaluations..........: 10
Number of hessian evaluations...........: 9
Subproblem iterations...................: 72
Subproblem time in seconds..............: 0.000405
How many times subproblem failed........: 0
Line search iterations..................: 3
Line search time in seconds.............: 0.000041
How many times line search failed.......: 0
‾‾‾‾‾‾‾‾‾‾‾‾‾‾‾‾‾‾‾‾‾‾‾‾‾‾‾‾‾‾‾‾‾‾‾‾‾‾‾‾‾‾‾‾‾‾‾‾‾‾‾

‾‾‾‾‾‾‾‾‾‾‾‾‾‾‾‾‾‾‾‾‾‾‾‾‾‾‾‾‾‾‾‾‾‾‾‾‾ superscription ‾‾‾‾‾‾‾‾‾‾‾‾‾‾‾‾‾‾‾‾‾‾‾‾‾‾‾‾‾‾‾‾‾‾‾‾‾
iter....: current iteration
f(x*)...: objective function avaluated at x(iter)
‖∇f(x)‖.: gradient norm used to calculate x(iter), so x in ‖∇f(x)‖ is equal to x(iter-1)
alpha...: step calculated by backtrack line search
‖d‖.....: search direction norm
‾‾‾‾‾‾‾‾‾‾‾‾‾‾‾‾‾‾‾‾‾‾‾‾‾‾‾‾‾‾‾‾‾‾‾‾‾‾‾‾‾‾‾‾‾‾‾‾‾‾‾‾‾‾‾‾‾‾‾‾‾‾‾‾‾‾‾‾‾‾‾‾‾‾‾‾‾‾‾‾‾‾‾‾‾‾‾‾‾‾
__________________________________________________________________________
iter    f(x*)            ‖∇f(x)‖          alpha            ‖d‖            
1       4.999985e+11     2.000000e+06     1.000000e+00     5.000000e+05   
2       2.031243e+11     5.000005e+11     5.000000e-01     5.000010e+05   
3       9.634683e+10     5.625013e+11     2.500000e-01     1.749957e+06   
4       4.170385e+09     5.875094e+11     1.000000e+00     1.563080e+05   
5       1.723409e+07     1.166289e+11     1.000000e+00     2.833712e+04   
6       3.723385e+02     6.062518e+09     1.000000e+00     2.836600e+03   
7       1.794095e-07     3.410251e+07     1.000000e+00     9.032901e+00   
8       3.218868e-26     6.160721e+02     1.000000e+00     2.907289e-04   
9       0.000000e+00     3.588241e-07     1.000000e+00     1.794120e-19   
‾‾‾‾‾‾‾‾‾‾‾‾‾‾‾‾‾‾‾‾‾‾‾‾‾‾‾‾‾‾‾‾‾‾‾‾‾‾‾‾‾‾‾‾‾‾‾‾‾‾‾‾‾‾‾‾‾‾‾‾‾‾‾‾‾‾‾‾‾‾‾‾‾‾
 ──────────────────────────────────────────────────────────────────────────────
                                       Time                   Allocations      
                               ──────────────────────   ───────────────────────
       Tot / % measured:            757μs / 69.6%            119KiB / 86.4%    

 Section               ncalls     time   %tot     avg     alloc   %tot      avg
 ──────────────────────────────────────────────────────────────────────────────
 newton_modified            1    527μs   100%   527μs    103KiB  100%    103KiB
   linear_solver            9    405μs  76.9%  45.0μs   45.2KiB  43.9%  5.02KiB
   backtrack_line_s...      9   40.6μs  7.72%  4.52μs   12.5KiB  12.1%  1.39KiB
 ──────────────────────────────────────────────────────────────────────────────

EXIT: convergence has been achieved.

