NewtonCholesky with backtrack line search.

CUTEst problem................: BROWNAL
Number of variables...........: 10
Maximum problem iterations....: 1000
Maximum subproblem iterations.: 10
Maximum line search iterations: 1000
Time limit....................: 10 min

‾‾‾‾‾‾‾‾‾‾‾‾‾‾‾ summary statistics ‾‾‾‾‾‾‾‾‾‾‾‾‾‾‾‾
Objective.............: 5.759301e-28
Gradient norm.........: 1.005996e-14
Total iterations......: 8
Total time in seconds.: 0.001533
‾‾‾‾‾‾‾‾‾‾‾‾‾‾‾‾‾‾‾‾‾‾‾‾‾‾‾‾‾‾‾‾‾‾‾‾‾‾‾‾‾‾‾‾‾‾‾‾‾‾‾

‾‾‾‾‾‾‾‾‾‾‾‾‾‾‾‾ output statistics ‾‾‾‾‾‾‾‾‾‾‾‾‾‾‾‾
Number of objective function evaluations: 0
Number of gradient evaluations..........: 9
Number of hessian evaluations...........: 8
Subproblem iterations...................: 640
Subproblem time in seconds..............: 0.001406
How many times subproblem failed........: 0
Line search iterations..................: 0
Line search time in seconds.............: 0.000040
How many times line search failed.......: 0
‾‾‾‾‾‾‾‾‾‾‾‾‾‾‾‾‾‾‾‾‾‾‾‾‾‾‾‾‾‾‾‾‾‾‾‾‾‾‾‾‾‾‾‾‾‾‾‾‾‾‾

‾‾‾‾‾‾‾‾‾‾‾‾‾‾‾‾‾‾‾‾‾‾‾‾‾‾‾‾‾‾‾‾‾‾‾‾‾ superscription ‾‾‾‾‾‾‾‾‾‾‾‾‾‾‾‾‾‾‾‾‾‾‾‾‾‾‾‾‾‾‾‾‾‾‾‾‾
iter....: current iteration
f(x*)...: objective function avaluated at x(iter)
‖∇f(x)‖.: gradient norm used to calculate x(iter), so x in ‖∇f(x)‖ is equal to x(iter-1)
alpha...: step calculated by backtrack line search
‖d‖.....: search direction norm
‾‾‾‾‾‾‾‾‾‾‾‾‾‾‾‾‾‾‾‾‾‾‾‾‾‾‾‾‾‾‾‾‾‾‾‾‾‾‾‾‾‾‾‾‾‾‾‾‾‾‾‾‾‾‾‾‾‾‾‾‾‾‾‾‾‾‾‾‾‾‾‾‾‾‾‾‾‾‾‾‾‾‾‾‾‾‾‾‾‾
__________________________________________________________________________
iter    f(x*)            ‖∇f(x)‖          alpha            ‖d‖            
1       1.909080e-03     3.445424e+02     1.000000e+00     1.667754e+00   
2       2.574462e-04     1.428422e-01     1.000000e+00     1.383689e-01   
3       3.198992e-05     2.400544e-02     1.000000e+00     7.383100e-02   
4       2.581033e-06     9.681870e-03     1.000000e+00     3.792844e-02   
5       6.328972e-08     2.942250e-03     1.000000e+00     1.514660e-02   
6       7.976678e-11     4.995743e-04     1.000000e+00     2.908325e-03   
7       1.495635e-16     1.882452e-05     1.000000e+00     1.081773e-04   
8       5.759301e-28     2.614317e-08     1.000000e+00     1.483776e-07   
‾‾‾‾‾‾‾‾‾‾‾‾‾‾‾‾‾‾‾‾‾‾‾‾‾‾‾‾‾‾‾‾‾‾‾‾‾‾‾‾‾‾‾‾‾‾‾‾‾‾‾‾‾‾‾‾‾‾‾‾‾‾‾‾‾‾‾‾‾‾‾‾‾‾
 ──────────────────────────────────────────────────────────────────────────────
                                       Time                   Allocations      
                               ──────────────────────   ───────────────────────
       Tot / % measured:           1.75ms / 87.5%            236KiB / 93.6%    

 Section               ncalls     time   %tot     avg     alloc   %tot      avg
 ──────────────────────────────────────────────────────────────────────────────
 newton_modified            1   1.53ms   100%  1.53ms    221KiB  100%    221KiB
   linear_solver            8   1.41ms  91.8%   176μs    162KiB  73.3%  20.2KiB
   backtrack_line_s...      8   40.3μs  2.63%  5.04μs   11.9KiB  5.37%  1.48KiB
 ──────────────────────────────────────────────────────────────────────────────

EXIT: convergence has been achieved.

