NewtonCholesky with backtrack line search.

CUTEst problem................: FREUROTH
Number of variables...........: 2
Maximum problem iterations....: 1000
Maximum subproblem iterations.: 2
Maximum line search iterations: 1000
Time limit....................: 10 min

‾‾‾‾‾‾‾‾‾‾‾‾‾‾‾ summary statistics ‾‾‾‾‾‾‾‾‾‾‾‾‾‾‾‾
Objective.............: 4.898425e+01
Gradient norm.........: 8.556068e-14
Total iterations......: 7
Total time in seconds.: 0.000493
‾‾‾‾‾‾‾‾‾‾‾‾‾‾‾‾‾‾‾‾‾‾‾‾‾‾‾‾‾‾‾‾‾‾‾‾‾‾‾‾‾‾‾‾‾‾‾‾‾‾‾

‾‾‾‾‾‾‾‾‾‾‾‾‾‾‾‾ output statistics ‾‾‾‾‾‾‾‾‾‾‾‾‾‾‾‾
Number of objective function evaluations: 0
Number of gradient evaluations..........: 8
Number of hessian evaluations...........: 7
Subproblem iterations...................: 56
Subproblem time in seconds..............: 0.000391
How many times subproblem failed........: 0
Line search iterations..................: 0
Line search time in seconds.............: 0.000031
How many times line search failed.......: 0
‾‾‾‾‾‾‾‾‾‾‾‾‾‾‾‾‾‾‾‾‾‾‾‾‾‾‾‾‾‾‾‾‾‾‾‾‾‾‾‾‾‾‾‾‾‾‾‾‾‾‾

‾‾‾‾‾‾‾‾‾‾‾‾‾‾‾‾‾‾‾‾‾‾‾‾‾‾‾‾‾‾‾‾‾‾‾‾‾ superscription ‾‾‾‾‾‾‾‾‾‾‾‾‾‾‾‾‾‾‾‾‾‾‾‾‾‾‾‾‾‾‾‾‾‾‾‾‾
iter....: current iteration
f(x*)...: objective function avaluated at x(iter)
‖∇f(x)‖.: gradient norm used to calculate x(iter), so x in ‖∇f(x)‖ is equal to x(iter-1)
alpha...: step calculated by backtrack line search
‖d‖.....: search direction norm
‾‾‾‾‾‾‾‾‾‾‾‾‾‾‾‾‾‾‾‾‾‾‾‾‾‾‾‾‾‾‾‾‾‾‾‾‾‾‾‾‾‾‾‾‾‾‾‾‾‾‾‾‾‾‾‾‾‾‾‾‾‾‾‾‾‾‾‾‾‾‾‾‾‾‾‾‾‾‾‾‾‾‾‾‾‾‾‾‾‾
__________________________________________________________________________
iter    f(x*)            ‖∇f(x)‖          alpha            ‖d‖            
1       1.194200e+02     1.272354e+03     1.000000e+00     4.669484e-01   
2       6.261648e+01     2.862992e+02     1.000000e+00     5.939738e+00   
3       4.995701e+01     1.068442e+02     1.000000e+00     3.607146e+00   
4       4.898948e+01     2.982018e+01     1.000000e+00     1.066311e+00   
5       4.898425e+01     2.540981e+00     1.000000e+00     6.376705e-02   
6       4.898425e+01     1.339335e-02     1.000000e+00     3.410730e-04   
7       4.898425e+01     3.773611e-07     1.000000e+00     9.400113e-09   
‾‾‾‾‾‾‾‾‾‾‾‾‾‾‾‾‾‾‾‾‾‾‾‾‾‾‾‾‾‾‾‾‾‾‾‾‾‾‾‾‾‾‾‾‾‾‾‾‾‾‾‾‾‾‾‾‾‾‾‾‾‾‾‾‾‾‾‾‾‾‾‾‾‾
 ──────────────────────────────────────────────────────────────────────────────
                                       Time                   Allocations      
                               ──────────────────────   ───────────────────────
       Tot / % measured:            741μs / 66.5%            100KiB / 86.2%    

 Section               ncalls     time   %tot     avg     alloc   %tot      avg
 ──────────────────────────────────────────────────────────────────────────────
 newton_modified            1    493μs   100%   493μs   85.9KiB  100%   85.9KiB
   linear_solver            7    391μs  79.4%  55.9μs   35.0KiB  40.7%  4.99KiB
   backtrack_line_s...      7   30.7μs  6.22%  4.38μs   8.20KiB  9.55%  1.17KiB
 ──────────────────────────────────────────────────────────────────────────────

EXIT: convergence has been achieved.

