NewtonCholesky with backtrack line search.

CUTEst problem................: GULF
Number of variables...........: 3
Maximum problem iterations....: 1000
Maximum subproblem iterations.: 3
Maximum line search iterations: 1000
Time limit....................: 10 min

‾‾‾‾‾‾‾‾‾‾‾‾‾‾‾ summary statistics ‾‾‾‾‾‾‾‾‾‾‾‾‾‾‾‾
Objective.............: 4.762504e-17
Gradient norm.........: 1.614022e-09
Total iterations......: 21
Total time in seconds.: 0.007058
‾‾‾‾‾‾‾‾‾‾‾‾‾‾‾‾‾‾‾‾‾‾‾‾‾‾‾‾‾‾‾‾‾‾‾‾‾‾‾‾‾‾‾‾‾‾‾‾‾‾‾

‾‾‾‾‾‾‾‾‾‾‾‾‾‾‾‾ output statistics ‾‾‾‾‾‾‾‾‾‾‾‾‾‾‾‾
Number of objective function evaluations: 11
Number of gradient evaluations..........: 22
Number of hessian evaluations...........: 21
Subproblem iterations...................: 284
Subproblem time in seconds..............: 0.003305
How many times subproblem failed........: 0
Line search iterations..................: 11
Line search time in seconds.............: 0.001774
How many times line search failed.......: 0
‾‾‾‾‾‾‾‾‾‾‾‾‾‾‾‾‾‾‾‾‾‾‾‾‾‾‾‾‾‾‾‾‾‾‾‾‾‾‾‾‾‾‾‾‾‾‾‾‾‾‾

‾‾‾‾‾‾‾‾‾‾‾‾‾‾‾‾‾‾‾‾‾‾‾‾‾‾‾‾‾‾‾‾‾‾‾‾‾ superscription ‾‾‾‾‾‾‾‾‾‾‾‾‾‾‾‾‾‾‾‾‾‾‾‾‾‾‾‾‾‾‾‾‾‾‾‾‾
iter....: current iteration
f(x*)...: objective function avaluated at x(iter)
‖∇f(x)‖.: gradient norm used to calculate x(iter), so x in ‖∇f(x)‖ is equal to x(iter-1)
alpha...: step calculated by backtrack line search
‖d‖.....: search direction norm
‾‾‾‾‾‾‾‾‾‾‾‾‾‾‾‾‾‾‾‾‾‾‾‾‾‾‾‾‾‾‾‾‾‾‾‾‾‾‾‾‾‾‾‾‾‾‾‾‾‾‾‾‾‾‾‾‾‾‾‾‾‾‾‾‾‾‾‾‾‾‾‾‾‾‾‾‾‾‾‾‾‾‾‾‾‾‾‾‾‾
__________________________________________________________________________
iter    f(x*)            ‖∇f(x)‖          alpha            ‖d‖            
1       7.635956e+00     3.973160e+01     6.250000e-02     4.551429e+02   
2       7.150464e+00     1.625350e+01     1.000000e+00     7.998455e+00   
3       4.386735e+00     1.256359e-01     1.000000e+00     3.125745e+01   
4       1.788151e+00     6.440293e+00     1.000000e+00     1.022640e+01   
5       4.799378e-01     1.180216e+01     1.000000e+00     5.307348e+00   
6       4.422583e-02     8.685643e+00     1.000000e+00     1.610166e+00   
7       2.533972e-02     1.594971e+00     1.000000e+00     1.007095e+00   
8       2.313634e-02     5.668417e-02     5.000000e-01     1.142385e+01   
9       1.004161e-02     1.436980e+00     1.000000e+00     8.772188e-01   
10      6.731409e-03     4.155393e-02     1.250000e-01     3.267629e+01   
11      4.535019e-03     4.222235e-01     1.000000e+00     1.441429e+00   
12      2.972454e-03     2.260753e-02     5.000000e-01     8.986310e+00   
13      1.726861e-03     3.768501e-01     1.000000e+00     1.197587e+00   
14      1.109466e-03     7.177353e-03     5.000000e-01     9.799842e+00   
15      4.235481e-04     3.172375e-01     1.000000e+00     8.060151e-01   
16      1.763455e-04     5.011174e-04     5.000000e-01     6.750872e+00   
17      6.046837e-05     1.155199e-01     1.000000e+00     7.992059e-01   
18      1.685150e-05     3.480893e-03     1.000000e+00     2.541957e+00   
19      2.212251e-07     5.455559e-02     1.000000e+00     1.255029e-01   
20      3.495786e-10     3.661280e-05     1.000000e+00     1.799219e-01   
21      4.762504e-17     2.535523e-04     1.000000e+00     1.899301e-04   
‾‾‾‾‾‾‾‾‾‾‾‾‾‾‾‾‾‾‾‾‾‾‾‾‾‾‾‾‾‾‾‾‾‾‾‾‾‾‾‾‾‾‾‾‾‾‾‾‾‾‾‾‾‾‾‾‾‾‾‾‾‾‾‾‾‾‾‾‾‾‾‾‾‾
 ──────────────────────────────────────────────────────────────────────────────
                                       Time                   Allocations      
                               ──────────────────────   ───────────────────────
       Tot / % measured:           7.41ms / 95.3%            257KiB / 88.1%    

 Section               ncalls     time   %tot     avg     alloc   %tot      avg
 ──────────────────────────────────────────────────────────────────────────────
 newton_modified            1   7.06ms   100%  7.06ms    226KiB  100%    226KiB
   linear_solver           21   3.30ms  46.8%   157μs    130KiB  57.4%  6.19KiB
   backtrack_line_s...     21   1.77ms  25.1%  84.5μs   33.9KiB  15.0%  1.61KiB
 ──────────────────────────────────────────────────────────────────────────────

EXIT: convergence has been achieved.

