NewtonCholesky with backtrack line search.

CUTEst problem................: HELIX
Number of variables...........: 3
Maximum problem iterations....: 1000
Maximum subproblem iterations.: 3
Maximum line search iterations: 1000
Time limit....................: 10 min

‾‾‾‾‾‾‾‾‾‾‾‾‾‾‾ summary statistics ‾‾‾‾‾‾‾‾‾‾‾‾‾‾‾‾
Objective.............: 4.497723e-25
Gradient norm.........: 4.568693e-12
Total iterations......: 12
Total time in seconds.: 0.001079
‾‾‾‾‾‾‾‾‾‾‾‾‾‾‾‾‾‾‾‾‾‾‾‾‾‾‾‾‾‾‾‾‾‾‾‾‾‾‾‾‾‾‾‾‾‾‾‾‾‾‾

‾‾‾‾‾‾‾‾‾‾‾‾‾‾‾‾ output statistics ‾‾‾‾‾‾‾‾‾‾‾‾‾‾‾‾
Number of objective function evaluations: 3
Number of gradient evaluations..........: 13
Number of hessian evaluations...........: 12
Subproblem iterations...................: 162
Subproblem time in seconds..............: 0.000844
How many times subproblem failed........: 0
Line search iterations..................: 3
Line search time in seconds.............: 0.000103
How many times line search failed.......: 0
‾‾‾‾‾‾‾‾‾‾‾‾‾‾‾‾‾‾‾‾‾‾‾‾‾‾‾‾‾‾‾‾‾‾‾‾‾‾‾‾‾‾‾‾‾‾‾‾‾‾‾

‾‾‾‾‾‾‾‾‾‾‾‾‾‾‾‾‾‾‾‾‾‾‾‾‾‾‾‾‾‾‾‾‾‾‾‾‾ superscription ‾‾‾‾‾‾‾‾‾‾‾‾‾‾‾‾‾‾‾‾‾‾‾‾‾‾‾‾‾‾‾‾‾‾‾‾‾
iter....: current iteration
f(x*)...: objective function avaluated at x(iter)
‖∇f(x)‖.: gradient norm used to calculate x(iter), so x in ‖∇f(x)‖ is equal to x(iter-1)
alpha...: step calculated by backtrack line search
‖d‖.....: search direction norm
‾‾‾‾‾‾‾‾‾‾‾‾‾‾‾‾‾‾‾‾‾‾‾‾‾‾‾‾‾‾‾‾‾‾‾‾‾‾‾‾‾‾‾‾‾‾‾‾‾‾‾‾‾‾‾‾‾‾‾‾‾‾‾‾‾‾‾‾‾‾‾‾‾‾‾‾‾‾‾‾‾‾‾‾‾‾‾‾‾‾
__________________________________________________________________________
iter    f(x*)            ‖∇f(x)‖          alpha            ‖d‖            
1       1.403276e+03     1.879635e+03     5.000000e-01     6.488140e+00   
2       3.267971e+02     8.052712e+02     1.000000e+00     4.300931e+00   
3       2.094626e+02     4.207106e+02     1.000000e+00     2.937198e+00   
4       8.989569e+01     3.263452e+02     1.000000e+00     1.912844e+00   
5       3.652790e+00     2.855924e+02     1.000000e+00     6.750455e-01   
6       1.251123e+00     4.684555e+01     2.500000e-01     2.866953e+00   
7       2.098992e-01     2.758251e+01     1.000000e+00     7.113207e-01   
8       1.784417e-02     8.837694e+00     1.000000e+00     8.857226e-02   
9       1.078463e-03     6.024607e-01     1.000000e+00     1.487864e-01   
10      4.986708e-07     6.460331e-01     1.000000e+00     7.541540e-03   
11      1.023381e-12     5.501909e-03     1.000000e+00     8.148068e-04   
12      4.497723e-25     1.998703e-05     1.000000e+00     2.176550e-07   
‾‾‾‾‾‾‾‾‾‾‾‾‾‾‾‾‾‾‾‾‾‾‾‾‾‾‾‾‾‾‾‾‾‾‾‾‾‾‾‾‾‾‾‾‾‾‾‾‾‾‾‾‾‾‾‾‾‾‾‾‾‾‾‾‾‾‾‾‾‾‾‾‾‾
 ──────────────────────────────────────────────────────────────────────────────
                                       Time                   Allocations      
                               ──────────────────────   ───────────────────────
       Tot / % measured:           1.47ms / 73.5%            161KiB / 87.8%    

 Section               ncalls     time   %tot     avg     alloc   %tot      avg
 ──────────────────────────────────────────────────────────────────────────────
 newton_modified            1   1.08ms   100%  1.08ms    142KiB  100%    142KiB
   linear_solver           12    844μs  78.3%  70.3μs   74.3KiB  52.4%  6.19KiB
   backtrack_line_s...     12    103μs  9.53%  8.57μs   17.1KiB  12.1%  1.42KiB
 ──────────────────────────────────────────────────────────────────────────────

EXIT: convergence has been achieved.

