NewtonCholesky with backtrack line search.

CUTEst problem................: OSBORNEA
Number of variables...........: 5
Maximum problem iterations....: 1000
Maximum subproblem iterations.: 5
Maximum line search iterations: 1000
Time limit....................: 10 min

‾‾‾‾‾‾‾‾‾‾‾‾‾‾‾ summary statistics ‾‾‾‾‾‾‾‾‾‾‾‾‾‾‾‾
Objective.............: 5.464895e-05
Gradient norm.........: 6.566144e-11
Total iterations......: 27
Total time in seconds.: 0.003759
‾‾‾‾‾‾‾‾‾‾‾‾‾‾‾‾‾‾‾‾‾‾‾‾‾‾‾‾‾‾‾‾‾‾‾‾‾‾‾‾‾‾‾‾‾‾‾‾‾‾‾

‾‾‾‾‾‾‾‾‾‾‾‾‾‾‾‾ output statistics ‾‾‾‾‾‾‾‾‾‾‾‾‾‾‾‾
Number of objective function evaluations: 11
Number of gradient evaluations..........: 28
Number of hessian evaluations...........: 27
Subproblem iterations...................: 743
Subproblem time in seconds..............: 0.002947
How many times subproblem failed........: 0
Line search iterations..................: 11
Line search time in seconds.............: 0.000337
How many times line search failed.......: 0
‾‾‾‾‾‾‾‾‾‾‾‾‾‾‾‾‾‾‾‾‾‾‾‾‾‾‾‾‾‾‾‾‾‾‾‾‾‾‾‾‾‾‾‾‾‾‾‾‾‾‾

‾‾‾‾‾‾‾‾‾‾‾‾‾‾‾‾‾‾‾‾‾‾‾‾‾‾‾‾‾‾‾‾‾‾‾‾‾ superscription ‾‾‾‾‾‾‾‾‾‾‾‾‾‾‾‾‾‾‾‾‾‾‾‾‾‾‾‾‾‾‾‾‾‾‾‾‾
iter....: current iteration
f(x*)...: objective function avaluated at x(iter)
‖∇f(x)‖.: gradient norm used to calculate x(iter), so x in ‖∇f(x)‖ is equal to x(iter-1)
alpha...: step calculated by backtrack line search
‖d‖.....: search direction norm
‾‾‾‾‾‾‾‾‾‾‾‾‾‾‾‾‾‾‾‾‾‾‾‾‾‾‾‾‾‾‾‾‾‾‾‾‾‾‾‾‾‾‾‾‾‾‾‾‾‾‾‾‾‾‾‾‾‾‾‾‾‾‾‾‾‾‾‾‾‾‾‾‾‾‾‾‾‾‾‾‾‾‾‾‾‾‾‾‾‾
__________________________________________________________________________
iter    f(x*)            ‖∇f(x)‖          alpha            ‖d‖            
1       1.010466e-02     4.188115e+02     1.000000e+00     2.243054e-01   
2       3.975313e-03     6.491622e+00     6.250000e-02     1.838182e+00   
3       1.596185e-03     6.199925e+00     1.000000e+00     9.217088e-02   
4       7.723233e-05     9.914496e+00     1.000000e+00     8.329807e-02   
5       7.145005e-05     1.200111e-01     2.500000e-01     2.551089e-01   
6       6.645138e-05     5.040376e-01     1.000000e+00     3.629514e-02   
7       6.510644e-05     1.739930e-01     1.000000e+00     7.152375e-02   
8       6.123530e-05     6.375453e-01     1.000000e+00     2.169996e-02   
9       6.060553e-05     4.213131e-02     5.000000e-01     1.284654e-01   
10      5.831223e-05     5.034290e-01     1.000000e+00     1.988207e-02   
11      5.788303e-05     3.423871e-02     5.000000e-01     1.156184e-01   
12      5.659216e-05     3.822025e-01     1.000000e+00     1.850779e-02   
13      5.626818e-05     2.926149e-02     5.000000e-01     9.864760e-02   
14      5.561509e-05     2.651433e-01     1.000000e+00     1.818849e-02   
15      5.538148e-05     2.855744e-02     5.000000e-01     7.605966e-02   
16      5.508913e-05     1.557074e-01     1.000000e+00     2.005109e-02   
17      5.496168e-05     3.563993e-02     5.000000e-01     4.851630e-02   
18      5.483060e-05     7.275060e-02     1.000000e+00     2.531843e-02   
19      5.474610e-05     5.780319e-02     1.000000e+00     2.292860e-02   
20      5.469471e-05     4.675351e-02     1.000000e+00     1.939236e-02   
21      5.466706e-05     3.295795e-02     1.000000e+00     1.673955e-02   
22      5.465423e-05     2.433901e-02     1.000000e+00     1.230928e-02   
23      5.464987e-05     1.300684e-02     1.000000e+00     8.967635e-03   
24      5.464900e-05     6.877375e-03     1.000000e+00     4.343863e-03   
25      5.464895e-05     1.600769e-03     1.000000e+00     1.377515e-03   
26      5.464895e-05     1.610239e-04     1.000000e+00     1.097968e-04   
27      5.464895e-05     1.018971e-06     1.000000e+00     8.798441e-07   
‾‾‾‾‾‾‾‾‾‾‾‾‾‾‾‾‾‾‾‾‾‾‾‾‾‾‾‾‾‾‾‾‾‾‾‾‾‾‾‾‾‾‾‾‾‾‾‾‾‾‾‾‾‾‾‾‾‾‾‾‾‾‾‾‾‾‾‾‾‾‾‾‾‾
 ──────────────────────────────────────────────────────────────────────────────
                                       Time                   Allocations      
                               ──────────────────────   ───────────────────────
       Tot / % measured:           4.13ms / 91.1%            401KiB / 90.6%    

 Section               ncalls     time   %tot     avg     alloc   %tot      avg
 ──────────────────────────────────────────────────────────────────────────────
 newton_modified            1   3.76ms   100%  3.76ms    363KiB  100%    363KiB
   linear_solver           27   2.95ms  78.4%   109μs    246KiB  67.7%  9.11KiB
   backtrack_line_s...     27    337μs  8.96%  12.5μs   44.0KiB  12.1%  1.63KiB
 ──────────────────────────────────────────────────────────────────────────────

EXIT: convergence has been achieved.

