NewtonCholesky with backtrack line search.

CUTEst problem................: PENALTY1
Number of variables...........: 4
Maximum problem iterations....: 1000
Maximum subproblem iterations.: 4
Maximum line search iterations: 1000
Time limit....................: 10 min

‾‾‾‾‾‾‾‾‾‾‾‾‾‾‾ summary statistics ‾‾‾‾‾‾‾‾‾‾‾‾‾‾‾‾
Objective.............: 2.249978e-05
Gradient norm.........: 4.318537e-09
Total iterations......: 33
Total time in seconds.: 0.002497
‾‾‾‾‾‾‾‾‾‾‾‾‾‾‾‾‾‾‾‾‾‾‾‾‾‾‾‾‾‾‾‾‾‾‾‾‾‾‾‾‾‾‾‾‾‾‾‾‾‾‾

‾‾‾‾‾‾‾‾‾‾‾‾‾‾‾‾ output statistics ‾‾‾‾‾‾‾‾‾‾‾‾‾‾‾‾
Number of objective function evaluations: 8
Number of gradient evaluations..........: 34
Number of hessian evaluations...........: 33
Subproblem iterations...................: 660
Subproblem time in seconds..............: 0.002140
How many times subproblem failed........: 0
Line search iterations..................: 8
Line search time in seconds.............: 0.000137
How many times line search failed.......: 0
‾‾‾‾‾‾‾‾‾‾‾‾‾‾‾‾‾‾‾‾‾‾‾‾‾‾‾‾‾‾‾‾‾‾‾‾‾‾‾‾‾‾‾‾‾‾‾‾‾‾‾

‾‾‾‾‾‾‾‾‾‾‾‾‾‾‾‾‾‾‾‾‾‾‾‾‾‾‾‾‾‾‾‾‾‾‾‾‾ superscription ‾‾‾‾‾‾‾‾‾‾‾‾‾‾‾‾‾‾‾‾‾‾‾‾‾‾‾‾‾‾‾‾‾‾‾‾‾
iter....: current iteration
f(x*)...: objective function avaluated at x(iter)
‖∇f(x)‖.: gradient norm used to calculate x(iter), so x in ‖∇f(x)‖ is equal to x(iter-1)
alpha...: step calculated by backtrack line search
‖d‖.....: search direction norm
‾‾‾‾‾‾‾‾‾‾‾‾‾‾‾‾‾‾‾‾‾‾‾‾‾‾‾‾‾‾‾‾‾‾‾‾‾‾‾‾‾‾‾‾‾‾‾‾‾‾‾‾‾‾‾‾‾‾‾‾‾‾‾‾‾‾‾‾‾‾‾‾‾‾‾‾‾‾‾‾‾‾‾‾‾‾‾‾‾‾
__________________________________________________________________________
iter    f(x*)            ‖∇f(x)‖          alpha            ‖d‖            
1       1.731255e+02     6.517899e+02     1.000000e+00     1.815571e+00   
2       3.345183e+01     1.927161e+02     1.000000e+00     1.205285e+00   
3       6.286593e+00     5.682819e+01     1.000000e+00     7.958564e-01   
4       1.108912e+00     1.665367e+01     1.000000e+00     5.190047e-01   
5       1.689140e-01     4.808221e+00     1.000000e+00     3.285080e-01   
6       1.815010e-02     1.336459e+00     1.000000e+00     1.928048e-01   
7       8.413202e-04     3.339978e-01     1.000000e+00     9.237322e-02   
8       2.847552e-05     6.035142e-02     1.000000e+00     2.575651e-02   
9       2.420779e-05     4.133476e-03     1.000000e+00     2.833095e-03   
10      2.403096e-05     3.650550e-05     1.250000e-01     1.166750e-01   
11      2.381209e-05     4.540721e-04     1.000000e+00     1.538969e-02   
12      2.360734e-05     4.739040e-04     1.000000e+00     1.365654e-02   
13      2.343994e-05     3.732464e-04     1.000000e+00     1.573528e-02   
14      2.326902e-05     4.953660e-04     1.000000e+00     1.100022e-02   
15      2.319942e-05     2.423248e-04     1.000000e+00     1.940127e-02   
16      2.300486e-05     7.531597e-04     1.000000e+00     5.940358e-03   
17      2.293391e-05     7.159997e-05     2.500000e-01     4.054382e-02   
18      2.284827e-05     2.587899e-04     1.000000e+00     1.365250e-02   
19      2.276139e-05     3.728724e-04     1.000000e+00     8.566715e-03   
20      2.274437e-05     1.469711e-04     1.000000e+00     1.713010e-02   
21      2.263905e-05     5.871129e-04     1.000000e+00     4.022915e-03   
22      2.260928e-05     3.301296e-05     2.500000e-01     3.251594e-02   
23      2.257684e-05     1.566820e-04     1.000000e+00     1.034103e-02   
24      2.254803e-05     2.139082e-04     1.000000e+00     6.382490e-03   
25      2.253671e-05     8.153797e-05     1.000000e+00     1.124046e-02   
26      2.251550e-05     2.527394e-04     1.000000e+00     3.131765e-03   
27      2.250907e-05     1.973421e-05     5.000000e-01     1.325674e-02   
28      2.250347e-05     9.770984e-05     1.000000e+00     3.818225e-03   
29      2.250124e-05     2.917279e-05     1.000000e+00     5.393234e-03   
30      2.250000e-05     5.817738e-05     1.000000e+00     1.602223e-03   
31      2.249980e-05     5.140583e-06     1.000000e+00     2.064555e-03   
32      2.249978e-05     8.525068e-06     1.000000e+00     2.185999e-04   
33      2.249978e-05     9.571832e-08     1.000000e+00     4.646714e-05   
‾‾‾‾‾‾‾‾‾‾‾‾‾‾‾‾‾‾‾‾‾‾‾‾‾‾‾‾‾‾‾‾‾‾‾‾‾‾‾‾‾‾‾‾‾‾‾‾‾‾‾‾‾‾‾‾‾‾‾‾‾‾‾‾‾‾‾‾‾‾‾‾‾‾
 ──────────────────────────────────────────────────────────────────────────────
                                       Time                   Allocations      
                               ──────────────────────   ───────────────────────
       Tot / % measured:           2.91ms / 85.7%            417KiB / 89.3%    

 Section               ncalls     time   %tot     avg     alloc   %tot      avg
 ──────────────────────────────────────────────────────────────────────────────
 newton_modified            1   2.50ms   100%  2.50ms    372KiB  100%    372KiB
   linear_solver           33   2.14ms  85.7%  64.8μs    246KiB  66.2%  7.46KiB
   backtrack_line_s...     33    137μs  5.50%  4.16μs   46.8KiB  12.6%  1.42KiB
 ──────────────────────────────────────────────────────────────────────────────

EXIT: convergence has been achieved.

