NewtonCholesky with backtrack line search.

CUTEst problem................: POWELLSG
Number of variables...........: 80
Maximum problem iterations....: 1000
Maximum subproblem iterations.: 80
Maximum line search iterations: 1000
Time limit....................: 10 min

‾‾‾‾‾‾‾‾‾‾‾‾‾‾‾ summary statistics ‾‾‾‾‾‾‾‾‾‾‾‾‾‾‾‾
Objective.............: 1.027602e-12
Gradient norm.........: 4.833277e-09
Total iterations......: 22
Total time in seconds.: 1.061852
‾‾‾‾‾‾‾‾‾‾‾‾‾‾‾‾‾‾‾‾‾‾‾‾‾‾‾‾‾‾‾‾‾‾‾‾‾‾‾‾‾‾‾‾‾‾‾‾‾‾‾

‾‾‾‾‾‾‾‾‾‾‾‾‾‾‾‾ output statistics ‾‾‾‾‾‾‾‾‾‾‾‾‾‾‾‾
Number of objective function evaluations: 0
Number of gradient evaluations..........: 23
Number of hessian evaluations...........: 22
Subproblem iterations...................: 75680
Subproblem time in seconds..............: 0.793046
How many times subproblem failed........: 0
Line search iterations..................: 0
Line search time in seconds.............: 0.191305
How many times line search failed.......: 0
‾‾‾‾‾‾‾‾‾‾‾‾‾‾‾‾‾‾‾‾‾‾‾‾‾‾‾‾‾‾‾‾‾‾‾‾‾‾‾‾‾‾‾‾‾‾‾‾‾‾‾

‾‾‾‾‾‾‾‾‾‾‾‾‾‾‾‾‾‾‾‾‾‾‾‾‾‾‾‾‾‾‾‾‾‾‾‾‾ superscription ‾‾‾‾‾‾‾‾‾‾‾‾‾‾‾‾‾‾‾‾‾‾‾‾‾‾‾‾‾‾‾‾‾‾‾‾‾
iter....: current iteration
f(x*)...: objective function avaluated at x(iter)
‖∇f(x)‖.: gradient norm used to calculate x(iter), so x in ‖∇f(x)‖ is equal to x(iter-1)
alpha...: step calculated by backtrack line search
‖d‖.....: search direction norm
‾‾‾‾‾‾‾‾‾‾‾‾‾‾‾‾‾‾‾‾‾‾‾‾‾‾‾‾‾‾‾‾‾‾‾‾‾‾‾‾‾‾‾‾‾‾‾‾‾‾‾‾‾‾‾‾‾‾‾‾‾‾‾‾‾‾‾‾‾‾‾‾‾‾‾‾‾‾‾‾‾‾‾‾‾‾‾‾‾‾
__________________________________________________________________________
iter    f(x*)            ‖∇f(x)‖          alpha            ‖d‖            
1       6.360494e+02     2.051711e+03     1.000000e+00     8.154158e+00   
2       1.256394e+02     5.997787e+02     1.000000e+00     2.437540e+00   
3       2.481766e+01     1.777122e+02     1.000000e+00     1.625027e+00   
4       4.902253e+00     5.265546e+01     1.000000e+00     1.083351e+00   
5       9.683463e-01     1.560162e+01     1.000000e+00     7.222342e-01   
6       1.912783e-01     4.622702e+00     1.000000e+00     4.814895e-01   
7       3.778336e-02     1.369689e+00     1.000000e+00     3.209930e-01   
8       7.463380e-03     4.058339e-01     1.000000e+00     2.139953e-01   
9       1.474248e-03     1.202471e-01     1.000000e+00     1.426635e-01   
10      2.912095e-04     3.562877e-02     1.000000e+00     9.510903e-02   
11      5.752286e-05     1.055667e-02     1.000000e+00     6.340602e-02   
12      1.136254e-05     3.127903e-03     1.000000e+00     4.227068e-02   
13      2.244452e-06     9.267860e-04     1.000000e+00     2.818045e-02   
14      4.433486e-07     2.746033e-04     1.000000e+00     1.878697e-02   
15      8.757504e-08     8.136393e-05     1.000000e+00     1.252465e-02   
16      1.729877e-08     2.410783e-05     1.000000e+00     8.349764e-03   
17      3.417042e-09     7.143061e-06     1.000000e+00     5.566509e-03   
18      6.749712e-10     2.116462e-06     1.000000e+00     3.711006e-03   
19      1.333276e-10     6.271000e-07     1.000000e+00     2.474004e-03   
20      2.633632e-11     1.858074e-07     1.000000e+00     1.649336e-03   
21      5.202237e-12     5.505405e-08     1.000000e+00     1.099557e-03   
22      1.027602e-12     1.631231e-08     1.000000e+00     7.330382e-04   
‾‾‾‾‾‾‾‾‾‾‾‾‾‾‾‾‾‾‾‾‾‾‾‾‾‾‾‾‾‾‾‾‾‾‾‾‾‾‾‾‾‾‾‾‾‾‾‾‾‾‾‾‾‾‾‾‾‾‾‾‾‾‾‾‾‾‾‾‾‾‾‾‾‾
 ──────────────────────────────────────────────────────────────────────────────
                                       Time                   Allocations      
                               ──────────────────────   ───────────────────────
       Tot / % measured:            2.64s / 40.2%            176MiB / 41.1%    

 Section               ncalls     time   %tot     avg     alloc   %tot      avg
 ──────────────────────────────────────────────────────────────────────────────
 newton_modified            1    1.06s   100%   1.06s   72.3MiB  100%   72.3MiB
   linear_solver           22    793ms  74.7%  36.0ms   54.7MiB  75.7%  2.49MiB
   backtrack_line_s...     22    191ms  18.0%  8.70ms   16.4MiB  22.7%   765KiB
 ──────────────────────────────────────────────────────────────────────────────

EXIT: convergence has been achieved.

