NewtonCholesky with backtrack line search.

CUTEst problem................: ROSENBR
Number of variables...........: 2
Maximum problem iterations....: 1000
Maximum subproblem iterations.: 2
Maximum line search iterations: 1000
Time limit....................: 10 min

‾‾‾‾‾‾‾‾‾‾‾‾‾‾‾ summary statistics ‾‾‾‾‾‾‾‾‾‾‾‾‾‾‾‾
Objective.............: 3.743976e-21
Gradient norm.........: 4.473328e-10
Total iterations......: 21
Total time in seconds.: 1.077012
‾‾‾‾‾‾‾‾‾‾‾‾‾‾‾‾‾‾‾‾‾‾‾‾‾‾‾‾‾‾‾‾‾‾‾‾‾‾‾‾‾‾‾‾‾‾‾‾‾‾‾

‾‾‾‾‾‾‾‾‾‾‾‾‾‾‾‾ output statistics ‾‾‾‾‾‾‾‾‾‾‾‾‾‾‾‾
Number of objective function evaluations: 7
Number of gradient evaluations..........: 22
Number of hessian evaluations...........: 21
Subproblem iterations...................: 168
Subproblem time in seconds..............: 0.790520
How many times subproblem failed........: 0
Line search iterations..................: 7
Line search time in seconds.............: 0.207471
How many times line search failed.......: 0
‾‾‾‾‾‾‾‾‾‾‾‾‾‾‾‾‾‾‾‾‾‾‾‾‾‾‾‾‾‾‾‾‾‾‾‾‾‾‾‾‾‾‾‾‾‾‾‾‾‾‾

‾‾‾‾‾‾‾‾‾‾‾‾‾‾‾‾‾‾‾‾‾‾‾‾‾‾‾‾‾‾‾‾‾‾‾‾‾ superscription ‾‾‾‾‾‾‾‾‾‾‾‾‾‾‾‾‾‾‾‾‾‾‾‾‾‾‾‾‾‾‾‾‾‾‾‾‾
iter....: current iteration
f(x*)...: objective function avaluated at x(iter)
‖∇f(x)‖.: gradient norm used to calculate x(iter), so x in ‖∇f(x)‖ is equal to x(iter-1)
alpha...: step calculated by backtrack line search
‖d‖.....: search direction norm
‾‾‾‾‾‾‾‾‾‾‾‾‾‾‾‾‾‾‾‾‾‾‾‾‾‾‾‾‾‾‾‾‾‾‾‾‾‾‾‾‾‾‾‾‾‾‾‾‾‾‾‾‾‾‾‾‾‾‾‾‾‾‾‾‾‾‾‾‾‾‾‾‾‾‾‾‾‾‾‾‾‾‾‾‾‾‾‾‾‾
__________________________________________________________________________
iter    f(x*)            ‖∇f(x)‖          alpha            ‖d‖            
1       4.731884e+00     2.328677e+02     1.000000e+00     3.814759e-01   
2       4.087399e+00     4.639426e+00     1.250000e-01     4.950945e+00   
3       3.228673e+00     2.855008e+01     1.000000e+00     2.677377e-01   
4       3.213898e+00     1.157152e+01     1.000000e+00     5.801075e-01   
5       1.942585e+00     3.032589e+01     1.000000e+00     7.926896e-02   
6       1.600194e+00     3.604102e+00     2.500000e-01     9.315520e-01   
7       1.178390e+00     9.248418e+00     1.000000e+00     1.455376e-01   
8       9.224116e-01     4.919801e+00     1.000000e+00     2.078683e-01   
9       5.974886e-01     8.664340e+00     1.000000e+00     1.123397e-01   
10      4.526251e-01     1.778814e+00     5.000000e-01     3.308967e-01   
11      2.807624e-01     5.877804e+00     1.000000e+00     1.426640e-01   
12      2.113934e-01     2.176371e+00     1.000000e+00     2.478486e-01   
13      8.901950e-02     9.401290e+00     1.000000e+00     1.065742e-01   
14      5.153540e-02     4.920626e-01     5.000000e-01     3.474825e-01   
15      1.999278e-02     3.924249e+00     1.000000e+00     1.245112e-01   
16      7.169244e-03     1.242108e+00     1.000000e+00     1.600306e-01   
17      1.069614e-03     2.533067e+00     1.000000e+00     6.079920e-02   
18      7.776846e-05     2.375818e-01     1.000000e+00     6.208541e-02   
19      2.824669e-07     3.482721e-01     1.000000e+00     8.007352e-03   
20      8.517075e-12     3.874187e-03     1.000000e+00     1.170744e-03   
21      3.743976e-21     1.187168e-04     1.000000e+00     2.726824e-06   
‾‾‾‾‾‾‾‾‾‾‾‾‾‾‾‾‾‾‾‾‾‾‾‾‾‾‾‾‾‾‾‾‾‾‾‾‾‾‾‾‾‾‾‾‾‾‾‾‾‾‾‾‾‾‾‾‾‾‾‾‾‾‾‾‾‾‾‾‾‾‾‾‾‾
 ──────────────────────────────────────────────────────────────────────────────
                                       Time                   Allocations      
                               ──────────────────────   ───────────────────────
       Tot / % measured:            2.73s / 39.4%            166MiB / 37.3%    

 Section               ncalls     time   %tot     avg     alloc   %tot      avg
 ──────────────────────────────────────────────────────────────────────────────
 newton_modified            1    1.08s   100%   1.08s   61.9MiB  100%   61.9MiB
   linear_solver           21    791ms  73.4%  37.6ms   44.5MiB  71.9%  2.12MiB
   backtrack_line_s...     21    207ms  19.3%  9.88ms   16.4MiB  26.4%   798KiB
 ──────────────────────────────────────────────────────────────────────────────

EXIT: convergence has been achieved.

