NewtonCholesky with backtrack line search.

CUTEst problem................: SROSENBR
Number of variables...........: 500
Maximum problem iterations....: 1000
Maximum subproblem iterations.: 500
Maximum line search iterations: 1000
Time limit....................: 10 min

‾‾‾‾‾‾‾‾‾‾‾‾‾‾‾ summary statistics ‾‾‾‾‾‾‾‾‾‾‾‾‾‾‾‾
Objective.............: 3.301788e-23
Gradient norm.........: 2.507599e-10
Total iterations......: 8
Total time in seconds.: 3.828641
‾‾‾‾‾‾‾‾‾‾‾‾‾‾‾‾‾‾‾‾‾‾‾‾‾‾‾‾‾‾‾‾‾‾‾‾‾‾‾‾‾‾‾‾‾‾‾‾‾‾‾

‾‾‾‾‾‾‾‾‾‾‾‾‾‾‾‾ output statistics ‾‾‾‾‾‾‾‾‾‾‾‾‾‾‾‾
Number of objective function evaluations: 1
Number of gradient evaluations..........: 9
Number of hessian evaluations...........: 8
Subproblem iterations...................: 1012000
Subproblem time in seconds..............: 3.293845
How many times subproblem failed........: 0
Line search iterations..................: 1
Line search time in seconds.............: 0.424282
How many times line search failed.......: 0
‾‾‾‾‾‾‾‾‾‾‾‾‾‾‾‾‾‾‾‾‾‾‾‾‾‾‾‾‾‾‾‾‾‾‾‾‾‾‾‾‾‾‾‾‾‾‾‾‾‾‾

‾‾‾‾‾‾‾‾‾‾‾‾‾‾‾‾‾‾‾‾‾‾‾‾‾‾‾‾‾‾‾‾‾‾‾‾‾ superscription ‾‾‾‾‾‾‾‾‾‾‾‾‾‾‾‾‾‾‾‾‾‾‾‾‾‾‾‾‾‾‾‾‾‾‾‾‾
iter....: current iteration
f(x*)...: objective function avaluated at x(iter)
‖∇f(x)‖.: gradient norm used to calculate x(iter), so x in ‖∇f(x)‖ is equal to x(iter-1)
alpha...: step calculated by backtrack line search
‖d‖.....: search direction norm
‾‾‾‾‾‾‾‾‾‾‾‾‾‾‾‾‾‾‾‾‾‾‾‾‾‾‾‾‾‾‾‾‾‾‾‾‾‾‾‾‾‾‾‾‾‾‾‾‾‾‾‾‾‾‾‾‾‾‾‾‾‾‾‾‾‾‾‾‾‾‾‾‾‾‾‾‾‾‾‾‾‾‾‾‾‾‾‾‾‾
__________________________________________________________________________
iter    f(x*)            ‖∇f(x)‖          alpha            ‖d‖            
1       9.776544e+00     3.623485e+03     1.000000e+00     6.871828e+00   
2       4.830193e+00     6.291767e+00     5.000000e-01     8.108308e+00   
3       1.102400e+00     7.738308e+01     1.000000e+00     1.141526e+00   
4       2.398568e-01     1.027974e+01     1.000000e+00     1.972548e+00   
5       4.852552e-03     2.072324e+01     1.000000e+00     2.333712e-01   
6       9.313953e-06     5.421189e-01     1.000000e+00     1.523076e-01   
7       8.941048e-12     1.331677e-01     1.000000e+00     1.520681e-03   
8       3.301788e-23     2.334201e-05     1.000000e+00     6.590334e-06   
‾‾‾‾‾‾‾‾‾‾‾‾‾‾‾‾‾‾‾‾‾‾‾‾‾‾‾‾‾‾‾‾‾‾‾‾‾‾‾‾‾‾‾‾‾‾‾‾‾‾‾‾‾‾‾‾‾‾‾‾‾‾‾‾‾‾‾‾‾‾‾‾‾‾
 ──────────────────────────────────────────────────────────────────────────────
                                       Time                   Allocations      
                               ──────────────────────   ───────────────────────
       Tot / % measured:            5.63s / 68.0%            304MiB / 66.0%    

 Section               ncalls     time   %tot     avg     alloc   %tot      avg
 ──────────────────────────────────────────────────────────────────────────────
 newton_modified            1    3.83s   100%   3.83s    201MiB  100%    201MiB
   linear_solver            8    3.29s  86.0%   412ms    183MiB  91.2%  22.9MiB
   backtrack_line_s...      8    424ms  11.1%  53.0ms   16.5MiB  8.23%  2.07MiB
 ──────────────────────────────────────────────────────────────────────────────

EXIT: convergence has been achieved.

