NewtonCholesky with backtrack line search.

CUTEst problem................: WOODS
Number of variables...........: 100
Maximum problem iterations....: 1000
Maximum subproblem iterations.: 100
Maximum line search iterations: 1000
Time limit....................: 10 min

‾‾‾‾‾‾‾‾‾‾‾‾‾‾‾ summary statistics ‾‾‾‾‾‾‾‾‾‾‾‾‾‾‾‾
Objective.............: 0.000000e+00
Gradient norm.........: 0.000000e+00
Total iterations......: 40
Total time in seconds.: 1.207052
‾‾‾‾‾‾‾‾‾‾‾‾‾‾‾‾‾‾‾‾‾‾‾‾‾‾‾‾‾‾‾‾‾‾‾‾‾‾‾‾‾‾‾‾‾‾‾‾‾‾‾

‾‾‾‾‾‾‾‾‾‾‾‾‾‾‾‾ output statistics ‾‾‾‾‾‾‾‾‾‾‾‾‾‾‾‾
Number of objective function evaluations: 22
Number of gradient evaluations..........: 41
Number of hessian evaluations...........: 40
Subproblem iterations...................: 212000
Subproblem time in seconds..............: 0.912400
How many times subproblem failed........: 0
Line search iterations..................: 22
Line search time in seconds.............: 0.206510
How many times line search failed.......: 0
‾‾‾‾‾‾‾‾‾‾‾‾‾‾‾‾‾‾‾‾‾‾‾‾‾‾‾‾‾‾‾‾‾‾‾‾‾‾‾‾‾‾‾‾‾‾‾‾‾‾‾

‾‾‾‾‾‾‾‾‾‾‾‾‾‾‾‾‾‾‾‾‾‾‾‾‾‾‾‾‾‾‾‾‾‾‾‾‾ superscription ‾‾‾‾‾‾‾‾‾‾‾‾‾‾‾‾‾‾‾‾‾‾‾‾‾‾‾‾‾‾‾‾‾‾‾‾‾
iter....: current iteration
f(x*)...: objective function avaluated at x(iter)
‖∇f(x)‖.: gradient norm used to calculate x(iter), so x in ‖∇f(x)‖ is equal to x(iter-1)
alpha...: step calculated by backtrack line search
‖d‖.....: search direction norm
‾‾‾‾‾‾‾‾‾‾‾‾‾‾‾‾‾‾‾‾‾‾‾‾‾‾‾‾‾‾‾‾‾‾‾‾‾‾‾‾‾‾‾‾‾‾‾‾‾‾‾‾‾‾‾‾‾‾‾‾‾‾‾‾‾‾‾‾‾‾‾‾‾‾‾‾‾‾‾‾‾‾‾‾‾‾‾‾‾‾
__________________________________________________________________________
iter    f(x*)            ‖∇f(x)‖          alpha            ‖d‖            
1       3.228596e+04     8.198563e+04     1.000000e+00     4.970730e+01   
2       7.398783e+03     8.399662e+03     1.000000e+00     2.484284e+01   
3       1.692140e+03     5.015473e+03     1.000000e+00     5.631657e+00   
4       4.334154e+02     1.425307e+03     1.000000e+00     4.888312e+00   
5       2.172269e+02     5.345577e+02     1.000000e+00     2.013551e+00   
6       1.973199e+02     1.322912e+02     1.000000e+00     7.736670e-01   
7       1.969129e+02     1.884444e+01     1.000000e+00     1.568592e-01   
8       1.968750e+02     7.514450e-01     1.000000e+00     5.122535e-01   
9       1.967924e+02     3.235541e+00     2.500000e-01     2.951224e+00   
10      1.966130e+02     9.121029e+00     5.000000e-01     2.020095e+00   
11      1.960117e+02     1.719564e+01     1.000000e+00     1.137118e+00   
12      1.955371e+02     1.723094e+01     1.000000e+00     1.745097e+00   
13      1.925615e+02     4.111418e+01     1.000000e+00     6.038204e-01   
14      1.920413e+02     1.115765e+01     3.125000e-02     5.145082e+01   
15      1.840763e+02     5.083277e+01     1.000000e+00     4.765879e-01   
16      1.838021e+02     1.310418e+01     6.250000e-02     2.227856e+01   
17      1.656227e+02     6.694550e+01     1.000000e+00     8.463335e-01   
18      1.587611e+02     1.322535e+01     6.250000e-02     2.354988e+01   
19      1.363313e+02     7.887989e+01     1.000000e+00     1.575493e+00   
20      1.245779e+02     2.239669e+01     2.500000e-01     6.688476e+00   
21      1.074609e+02     5.952328e+01     1.000000e+00     3.167014e+00   
22      8.827742e+01     1.219508e+02     1.000000e+00     2.060788e+00   
23      8.459448e+01     4.865972e+01     1.000000e+00     3.559950e+00   
24      6.489107e+01     1.527464e+02     1.000000e+00     4.510876e-01   
25      5.889477e+01     1.842762e+01     2.500000e-01     4.916243e+00   
26      5.127822e+01     3.778887e+01     1.000000e+00     1.313545e+00   
27      4.181351e+01     4.561474e+01     1.000000e+00     6.414136e-01   
28      3.596225e+01     1.998070e+01     5.000000e-01     1.559974e+00   
29      2.696761e+01     3.259155e+01     1.000000e+00     9.183668e-01   
30      1.970924e+01     2.472362e+01     1.000000e+00     1.367548e+00   
31      1.126868e+01     4.859941e+01     1.000000e+00     1.151087e+00   
32      7.229209e+00     1.470129e+01     5.000000e-01     2.476382e+00   
33      3.023883e+00     3.341617e+01     1.000000e+00     1.449451e+00   
34      9.089345e-01     2.555548e+01     1.000000e+00     1.287242e+00   
35      1.497014e-01     1.972321e+01     1.000000e+00     8.132903e-01   
36      8.462336e-03     7.563801e+00     1.000000e+00     4.568910e-01   
37      4.513709e-05     2.488004e+00     1.000000e+00     1.108254e-01   
38      1.565004e-09     1.492851e-01     1.000000e+00     9.565853e-03   
39      1.905148e-18     1.121883e-03     1.000000e+00     4.985844e-05   
40      0.000000e+00     3.087809e-08     1.000000e+00     1.967952e-09   
‾‾‾‾‾‾‾‾‾‾‾‾‾‾‾‾‾‾‾‾‾‾‾‾‾‾‾‾‾‾‾‾‾‾‾‾‾‾‾‾‾‾‾‾‾‾‾‾‾‾‾‾‾‾‾‾‾‾‾‾‾‾‾‾‾‾‾‾‾‾‾‾‾‾
 ──────────────────────────────────────────────────────────────────────────────
                                       Time                   Allocations      
                               ──────────────────────   ───────────────────────
       Tot / % measured:            2.97s / 40.6%            195MiB / 46.7%    

 Section               ncalls     time   %tot     avg     alloc   %tot      avg
 ──────────────────────────────────────────────────────────────────────────────
 newton_modified            1    1.21s   100%   1.21s   91.2MiB  100%   91.2MiB
   linear_solver           40    912ms  75.6%  22.8ms   73.3MiB  80.4%  1.83MiB
   backtrack_line_s...     40    207ms  17.1%  5.16ms   16.6MiB  18.2%   425KiB
 ──────────────────────────────────────────────────────────────────────────────

EXIT: convergence has been achieved.

