NewtonCG with backtrack line search.

CUTEst problem................: BROWNDEN
Number of variables...........: 4
Maximum problem iterations....: 1000
Maximum subproblem iterations.: 1000
Maximum line search iterations: 1000
Time limit....................: 10 min

‾‾‾‾‾‾‾‾‾‾‾‾‾‾‾ summary statistics ‾‾‾‾‾‾‾‾‾‾‾‾‾‾‾‾
Objective.............: 8.582220e+04
Gradient norm.........: 1.129537e-10
Total iterations......: 18
Total time in seconds.: 0.000541
‾‾‾‾‾‾‾‾‾‾‾‾‾‾‾‾‾‾‾‾‾‾‾‾‾‾‾‾‾‾‾‾‾‾‾‾‾‾‾‾‾‾‾‾‾‾‾‾‾‾‾

‾‾‾‾‾‾‾‾‾‾‾‾‾‾‾‾ output statistics ‾‾‾‾‾‾‾‾‾‾‾‾‾‾‾‾
Number of objective function evaluations: 19
Number of gradient evaluations..........: 19
Number of hessian evaluations...........: 18
Subproblem iterations...................: 42
Subproblem time in seconds..............: 0.000247
How many times subproblem failed........: 0
Line search iterations..................: 19
Line search time in seconds.............: 0.000112
How many times line search failed.......: 0
‾‾‾‾‾‾‾‾‾‾‾‾‾‾‾‾‾‾‾‾‾‾‾‾‾‾‾‾‾‾‾‾‾‾‾‾‾‾‾‾‾‾‾‾‾‾‾‾‾‾‾

‾‾‾‾‾‾‾‾‾‾‾‾‾‾‾‾‾‾‾‾‾‾‾‾‾‾‾‾‾‾‾‾‾‾‾‾‾ superscription ‾‾‾‾‾‾‾‾‾‾‾‾‾‾‾‾‾‾‾‾‾‾‾‾‾‾‾‾‾‾‾‾‾‾‾‾‾
iter....: current iteration
f(x*)...: objective function avaluated at x(iter)
‖∇f(x)‖.: gradient norm used to calculate x(iter), so x in ‖∇f(x)‖ is equal to x(iter-1)
alpha...: step calculated by backtrack line search
‖d‖.....: search direction norm
‾‾‾‾‾‾‾‾‾‾‾‾‾‾‾‾‾‾‾‾‾‾‾‾‾‾‾‾‾‾‾‾‾‾‾‾‾‾‾‾‾‾‾‾‾‾‾‾‾‾‾‾‾‾‾‾‾‾‾‾‾‾‾‾‾‾‾‾‾‾‾‾‾‾‾‾‾‾‾‾‾‾‾‾‾‾‾‾‾‾
__________________________________________________________________________
iter    f(x*)            ‖∇f(x)‖          alpha            ‖d‖            
1       3.111028e+06     2.140491e+06     1.000000e+00     3.836081e+00   
2       1.066798e+06     5.313708e+05     1.000000e+00     9.911834e+00   
3       3.778476e+05     1.805932e+05     1.000000e+00     9.551700e+00   
4       1.654282e+05     6.271406e+04     1.000000e+00     8.382659e+00   
5       8.641838e+04     2.684133e+04     1.000000e+00     9.201611e+00   
6       8.598016e+04     9.055556e+03     1.000000e+00     9.655387e-02   
7       8.583371e+04     8.890548e+02     1.000000e+00     3.317714e-01   
8       8.582322e+04     2.851794e+02     1.000000e+00     7.398921e-02   
9       8.582236e+04     6.535750e+01     1.000000e+00     2.654043e-02   
10      8.582224e+04     2.783396e+01     1.000000e+00     8.424044e-03   
11      8.582220e+04     1.197941e+01     1.000000e+00     7.929406e-03   
12      8.582220e+04     3.574836e-01     1.000000e+00     1.557534e-04   
13      8.582220e+04     1.608869e-02     1.000000e+00     8.528525e-06   
14      8.582220e+04     3.022223e-05     5.000000e-01     1.318525e-08   
15      8.582220e+04     1.511117e-05     1.000000e+00     6.592761e-09   
16      8.582220e+04     5.082104e-08     9.765625e-04     4.100282e-11   
17      8.582220e+04     5.077263e-08     3.906250e-03     4.096287e-11   
18      8.582220e+04     5.057314e-08     1.000000e+00     4.080265e-11   
‾‾‾‾‾‾‾‾‾‾‾‾‾‾‾‾‾‾‾‾‾‾‾‾‾‾‾‾‾‾‾‾‾‾‾‾‾‾‾‾‾‾‾‾‾‾‾‾‾‾‾‾‾‾‾‾‾‾‾‾‾‾‾‾‾‾‾‾‾‾‾‾‾‾
 ──────────────────────────────────────────────────────────────────────────────
                                       Time                   Allocations      
                               ──────────────────────   ───────────────────────
       Tot / % measured:            841μs / 64.3%            190KiB / 85.9%    

 Section               ncalls     time   %tot     avg     alloc   %tot      avg
 ──────────────────────────────────────────────────────────────────────────────
 newton_modified            1    541μs   100%   541μs    164KiB  100%    164KiB
   linear_solver           18    247μs  45.6%  13.7μs   68.2KiB  41.6%  3.79KiB
   backtrack_line_s...     18    112μs  20.7%  6.21μs   35.6KiB  21.8%  1.98KiB
 ──────────────────────────────────────────────────────────────────────────────

EXIT: convergence has been achieved.

