NewtonCG with backtrack line search.

CUTEst problem................: HELIX
Number of variables...........: 3
Maximum problem iterations....: 1000
Maximum subproblem iterations.: 1000
Maximum line search iterations: 1000
Time limit....................: 10 min

‾‾‾‾‾‾‾‾‾‾‾‾‾‾‾ summary statistics ‾‾‾‾‾‾‾‾‾‾‾‾‾‾‾‾
Objective.............: 4.437344e-29
Gradient norm.........: 1.332268e-13
Total iterations......: 19
Total time in seconds.: 0.000774
‾‾‾‾‾‾‾‾‾‾‾‾‾‾‾‾‾‾‾‾‾‾‾‾‾‾‾‾‾‾‾‾‾‾‾‾‾‾‾‾‾‾‾‾‾‾‾‾‾‾‾

‾‾‾‾‾‾‾‾‾‾‾‾‾‾‾‾ output statistics ‾‾‾‾‾‾‾‾‾‾‾‾‾‾‾‾
Number of objective function evaluations: 26
Number of gradient evaluations..........: 20
Number of hessian evaluations...........: 19
Subproblem iterations...................: 40
Subproblem time in seconds..............: 0.000281
How many times subproblem failed........: 0
Line search iterations..................: 7
Line search time in seconds.............: 0.000153
How many times line search failed.......: 0
‾‾‾‾‾‾‾‾‾‾‾‾‾‾‾‾‾‾‾‾‾‾‾‾‾‾‾‾‾‾‾‾‾‾‾‾‾‾‾‾‾‾‾‾‾‾‾‾‾‾‾

‾‾‾‾‾‾‾‾‾‾‾‾‾‾‾‾‾‾‾‾‾‾‾‾‾‾‾‾‾‾‾‾‾‾‾‾‾ superscription ‾‾‾‾‾‾‾‾‾‾‾‾‾‾‾‾‾‾‾‾‾‾‾‾‾‾‾‾‾‾‾‾‾‾‾‾‾
iter....: current iteration
f(x*)...: objective function avaluated at x(iter)
‖∇f(x)‖.: gradient norm used to calculate x(iter), so x in ‖∇f(x)‖ is equal to x(iter-1)
alpha...: step calculated by backtrack line search
‖d‖.....: search direction norm
‾‾‾‾‾‾‾‾‾‾‾‾‾‾‾‾‾‾‾‾‾‾‾‾‾‾‾‾‾‾‾‾‾‾‾‾‾‾‾‾‾‾‾‾‾‾‾‾‾‾‾‾‾‾‾‾‾‾‾‾‾‾‾‾‾‾‾‾‾‾‾‾‾‾‾‾‾‾‾‾‾‾‾‾‾‾‾‾‾‾
__________________________________________________________________________
iter    f(x*)            ‖∇f(x)‖          alpha            ‖d‖            
1       5.226987e+02     1.879635e+03     1.000000e+00     2.657961e+00   
2       1.054666e+02     5.074921e+02     1.000000e+00     2.177412e+00   
3       2.362489e+01     2.625539e+02     1.000000e+00     7.595091e-01   
4       1.038003e+01     1.040969e+02     1.000000e+00     2.909175e-01   
5       7.276813e+00     5.354041e+01     1.000000e+00     1.230849e-01   
6       6.149435e+00     2.508773e+01     1.000000e+00     1.065503e-01   
7       4.067844e+00     5.110801e+00     1.250000e-01     4.788256e+00   
8       3.813818e+00     9.414968e+00     1.000000e+00     5.754473e-02   
9       2.826205e+00     3.945450e+00     2.500000e-01     3.790593e+00   
10      1.335598e+00     2.929053e+01     1.000000e+00     1.171515e-01   
11      1.118810e+00     3.457940e+00     5.000000e-01     1.600918e+00   
12      2.337196e-01     2.142558e+01     1.000000e+00     9.092896e-02   
13      6.832577e-02     1.598151e+00     5.000000e-01     5.969829e-01   
14      5.224295e-02     2.521365e+00     1.000000e+00     1.276321e-02   
15      1.118433e-02     5.902092e-01     1.000000e+00     2.713227e-01   
16      8.983644e-07     2.175793e+00     1.000000e+00     1.048858e-02   
17      2.356091e-12     7.891748e-03     1.000000e+00     1.093160e-03   
18      2.921148e-15     3.068216e-05     1.000000e+00     1.533985e-07   
19      4.437344e-29     9.179617e-08     1.000000e+00     6.385598e-08   
‾‾‾‾‾‾‾‾‾‾‾‾‾‾‾‾‾‾‾‾‾‾‾‾‾‾‾‾‾‾‾‾‾‾‾‾‾‾‾‾‾‾‾‾‾‾‾‾‾‾‾‾‾‾‾‾‾‾‾‾‾‾‾‾‾‾‾‾‾‾‾‾‾‾
 ──────────────────────────────────────────────────────────────────────────────
                                       Time                   Allocations      
                               ──────────────────────   ───────────────────────
       Tot / % measured:           1.42ms / 54.7%            183KiB / 84.7%    

 Section               ncalls     time   %tot     avg     alloc   %tot      avg
 ──────────────────────────────────────────────────────────────────────────────
 newton_modified            1    774μs   100%   774μs    155KiB  100%    155KiB
   linear_solver           19    281μs  36.3%  14.8μs   64.8KiB  41.9%  3.41KiB
   backtrack_line_s...     19    153μs  19.8%  8.07μs   28.6KiB  18.5%  1.51KiB
 ──────────────────────────────────────────────────────────────────────────────

EXIT: convergence has been achieved.

