NewtonCG with backtrack line search.

CUTEst problem................: SROSENBR
Number of variables...........: 10
Maximum problem iterations....: 1000
Maximum subproblem iterations.: 1000
Maximum line search iterations: 1000
Time limit....................: 10 min

‾‾‾‾‾‾‾‾‾‾‾‾‾‾‾ summary statistics ‾‾‾‾‾‾‾‾‾‾‾‾‾‾‾‾
Objective.............: 2.945589e-20
Gradient norm.........: 7.626535e-09
Total iterations......: 8
Total time in seconds.: 0.000221
‾‾‾‾‾‾‾‾‾‾‾‾‾‾‾‾‾‾‾‾‾‾‾‾‾‾‾‾‾‾‾‾‾‾‾‾‾‾‾‾‾‾‾‾‾‾‾‾‾‾‾

‾‾‾‾‾‾‾‾‾‾‾‾‾‾‾‾ output statistics ‾‾‾‾‾‾‾‾‾‾‾‾‾‾‾‾
Number of objective function evaluations: 8
Number of gradient evaluations..........: 9
Number of hessian evaluations...........: 8
Subproblem iterations...................: 11
Subproblem time in seconds..............: 0.000061
How many times subproblem failed........: 0
Line search iterations..................: 0
Line search time in seconds.............: 0.000041
How many times line search failed.......: 0
‾‾‾‾‾‾‾‾‾‾‾‾‾‾‾‾‾‾‾‾‾‾‾‾‾‾‾‾‾‾‾‾‾‾‾‾‾‾‾‾‾‾‾‾‾‾‾‾‾‾‾

‾‾‾‾‾‾‾‾‾‾‾‾‾‾‾‾‾‾‾‾‾‾‾‾‾‾‾‾‾‾‾‾‾‾‾‾‾ superscription ‾‾‾‾‾‾‾‾‾‾‾‾‾‾‾‾‾‾‾‾‾‾‾‾‾‾‾‾‾‾‾‾‾‾‾‾‾
iter....: current iteration
f(x*)...: objective function avaluated at x(iter)
‖∇f(x)‖.: gradient norm used to calculate x(iter), so x in ‖∇f(x)‖ is equal to x(iter-1)
alpha...: step calculated by backtrack line search
‖d‖.....: search direction norm
‾‾‾‾‾‾‾‾‾‾‾‾‾‾‾‾‾‾‾‾‾‾‾‾‾‾‾‾‾‾‾‾‾‾‾‾‾‾‾‾‾‾‾‾‾‾‾‾‾‾‾‾‾‾‾‾‾‾‾‾‾‾‾‾‾‾‾‾‾‾‾‾‾‾‾‾‾‾‾‾‾‾‾‾‾‾‾‾‾‾
__________________________________________________________________________
iter    f(x*)            ‖∇f(x)‖          alpha            ‖d‖            
1       2.037846e+00     5.124381e+02     1.000000e+00     3.407728e-01   
2       7.506600e-03     6.683699e+01     1.000000e+00     5.966895e-02   
3       5.935926e-03     1.822499e+00     1.000000e+00     1.722681e-03   
4       7.889805e-04     6.701319e-02     1.000000e+00     1.821159e-01   
5       1.068023e-05     1.247675e+00     1.000000e+00     1.247105e-03   
6       2.278603e-09     3.015810e-03     1.000000e+00     7.295238e-03   
7       3.831667e-11     2.118419e-03     1.000000e+00     2.115053e-06   
8       2.945589e-20     5.532146e-06     1.000000e+00     1.385238e-05   
‾‾‾‾‾‾‾‾‾‾‾‾‾‾‾‾‾‾‾‾‾‾‾‾‾‾‾‾‾‾‾‾‾‾‾‾‾‾‾‾‾‾‾‾‾‾‾‾‾‾‾‾‾‾‾‾‾‾‾‾‾‾‾‾‾‾‾‾‾‾‾‾‾‾
 ──────────────────────────────────────────────────────────────────────────────
                                       Time                   Allocations      
                               ──────────────────────   ───────────────────────
       Tot / % measured:            554μs / 39.8%           99.4KiB / 84.9%    

 Section               ncalls     time   %tot     avg     alloc   %tot      avg
 ──────────────────────────────────────────────────────────────────────────────
 newton_modified            1    221μs   100%   221μs   84.4KiB  100%   84.4KiB
   linear_solver            8   60.8μs  27.5%  7.60μs   24.7KiB  29.3%  3.09KiB
   backtrack_line_s...      8   41.4μs  18.7%  5.17μs   11.9KiB  14.1%  1.48KiB
 ──────────────────────────────────────────────────────────────────────────────

EXIT: convergence has been achieved.

